  x Unsupported: "blablabla" for <If>, valid props: "condition" and "key"!
   ,-[input.js:7:1]
 6 |             <div>
 7 |                 <If blablabla={true}>
   :                     ^^^^^^^^^
 8 |                 </If>
   `----
  x Attribute "condition" is required for the <If> tag!
   ,-[input.js:7:1]
 6 |             <div>
 7 |                 <If blablabla={true}>
   :                 ^^^^^^^^^^^^^^^^^^^^^
 8 |                 </If>
   `----
