  x Attribute "condition" is required for the <If> tag!
   ,-[input.js:7:1]
 6 |             <div>
 7 |                 <If>
   :                 ^^^^
 8 |                     <span>IfBlock</span>
   `----
