  x <Condition /> tag should contain at least one <When /> tag.
   ,-[input.js:7:1]
 6 |       <div>
 7 |         <Choose>
   :         ^^^^^^^^
 8 |         </Choose>
   `----
